<html>
<body>
<pre>
<h1>µVision Build Log</h1>
<h2>Tool Versions:</h2>
IDE-Version: ¦ÌVision V5.24.2.0
Copyright (C) 2017 ARM Ltd and ARM Germany GmbH. All rights reserved.
License Information: 1 Administrator, 1, LIC=76F5U-SVT7S-WF0I7-EUNEK-P31TM-SMM93
 
Tool Versions:
Toolchain:       MDK-ARM Plus  Version: 5.24.1
Toolchain Path:  D:\C51\ARM\ARMCC\Bin
C Compiler:      Armcc.exe V5.06 update 5 (build 528)
Assembler:       Armasm.exe V5.06 update 5 (build 528)
Linker/Locator:  ArmLink.exe V5.06 update 5 (build 528)
Library Manager: ArmAr.exe V5.06 update 5 (build 528)
Hex Converter:   FromElf.exe V5.06 update 5 (build 528)
CPU DLL:         SARMCM3.DLL V5.24.1
Dialog DLL:      DCM.DLL V1.16.0.0
Target DLL:      STLink\ST-LINKIII-KEIL_SWO.dll V3.0.1.0
Dialog DLL:      TCM.DLL V1.32.0.0
 
<h2>Project:</h2>
C:\Users\Administrator\Desktop\CANMcu2\Project.uvprojx
Project File Date:  05/09/2025

<h2>Output:</h2>
*** Using Compiler 'V5.06 update 5 (build 528)', folder: 'D:\C51\ARM\ARMCC\Bin'
Build target 'Target 1'
compiling main.c...
.\Hardware\Timer.h(4): warning:  #1295-D: Deprecated declaration Timer_Init - give arg types
  void Timer_Init();
.\Hardware\PWM.h(4): warning:  #1295-D: Deprecated declaration PWM_Init - give arg types
  void PWM_Init();
.\Hardware\Moter.h(4): warning:  #1295-D: Deprecated declaration Moter_Init - give arg types
  void Moter_Init();
.\Hardware\Encoder.h(4): warning:  #1295-D: Deprecated declaration Encoder_Init - give arg types
  void Encoder_Init();
.\Hardware\Encoder.h(5): warning:  #1295-D: Deprecated declaration Get_Encoder - give arg types
  int16_t Get_Encoder();
.\Hardware\MyCAN.h(3): warning:  #1295-D: Deprecated declaration MyCAN_Init - give arg types
  void MyCAN_Init();
.\Hardware\MyCAN.h(5): warning:  #1295-D: Deprecated declaration MyCAN_ReceiveFlag - give arg types
  uint8_t MyCAN_ReceiveFlag();
User\main.c: 7 warnings, 0 errors
linking...
Program Size: Code=6048 RO-data=1788 RW-data=32 ZI-data=1672  
".\Objects\Project.axf" - 0 Error(s), 7 Warning(s).

<h2>Software Packages used:</h2>

Package Vendor: Keil
                http://www.keil.com/pack/Keil.STM32F1xx_DFP.2.2.0.pack
                Keil.STM32F1xx_DFP.2.2.0
                STMicroelectronics STM32F1 Series Device Support, Drivers and Examples

<h2>Collection of Component include folders:</h2>
  .\RTE\_Target_1
  D:\C51\ARM\PACK\Keil\STM32F1xx_DFP\2.2.0\Device\Include

<h2>Collection of Component Files used:</h2>
Build Time Elapsed:  00:00:00
</pre>
</body>
</html>
